[INFO] Scanning for projects...
[INFO] 
[INFO] ---------------------------< com.e4net:pms >----------------------------
[INFO] Building e4net.pms 1.0.0
[INFO]   from pom.xml
[INFO] --------------------------------[ jar ]---------------------------------
[INFO] 
[INFO] --- clean:3.4.0:clean (default-clean) @ pms ---
[INFO] Deleting C:\Users\ilhun\Documents\e4net.pms\target
[INFO] 
[INFO] --- resources:3.3.1:resources (default-resources) @ pms ---
[INFO] Copying 1 resource from src\main\resources to target\classes
[INFO] Copying 13 resources from src\main\resources to target\classes
[INFO] 
[INFO] --- compiler:3.13.0:compile (default-compile) @ pms ---
[INFO] Recompiling the module because of changed source code.
[INFO] Compiling 22 source files with javac [debug parameters release 25] to target\classes
[INFO] -------------------------------------------------------------
[ERROR] COMPILATION ERROR : 
[INFO] -------------------------------------------------------------
[ERROR] /C:/Users/ilhun/Documents/e4net.pms/src/main/java/com/e4net/pms/controller/HomeController.java:[30,73] cannot find symbol
  symbol:   method getStatus()
  location: variable p of type com.e4net.pms.entity.Project
[ERROR] /C:/Users/ilhun/Documents/e4net.pms/src/main/java/com/e4net/pms/controller/HomeController.java:[31,72] cannot find symbol
  symbol:   method getStatus()
  location: variable p of type com.e4net.pms.entity.Project
[ERROR] /C:/Users/ilhun/Documents/e4net.pms/src/main/java/com/e4net/pms/controller/HomeController.java:[32,68] cannot find symbol
  symbol:   method getStatus()
  location: variable p of type com.e4net.pms.entity.Project
[ERROR] /C:/Users/ilhun/Documents/e4net.pms/src/main/java/com/e4net/pms/service/ProjectService.java:[62,35] cannot find symbol
  symbol:   method getProjectCode()
  location: variable dto of type com.e4net.pms.dto.ProjectDto
[ERROR] /C:/Users/ilhun/Documents/e4net.pms/src/main/java/com/e4net/pms/service/ProjectService.java:[63,35] cannot find symbol
  symbol:   method getProjectName()
  location: variable dto of type com.e4net.pms.dto.ProjectDto
[ERROR] /C:/Users/ilhun/Documents/e4net.pms/src/main/java/com/e4net/pms/service/ProjectService.java:[64,32] cannot find symbol
  symbol:   method getCategory()
  location: variable dto of type com.e4net.pms.dto.ProjectDto
[ERROR] /C:/Users/ilhun/Documents/e4net.pms/src/main/java/com/e4net/pms/service/ProjectService.java:[65,35] cannot find symbol
  symbol:   method getSubCategory()
  location: variable dto of type com.e4net.pms.dto.ProjectDto
[ERROR] /C:/Users/ilhun/Documents/e4net.pms/src/main/java/com/e4net/pms/service/ProjectService.java:[66,31] cannot find symbol
  symbol:   method getCompany()
  location: variable dto of type com.e4net.pms.dto.ProjectDto
[ERROR] /C:/Users/ilhun/Documents/e4net.pms/src/main/java/com/e4net/pms/service/ProjectService.java:[67,16] cannot find symbol
  symbol:   method setIsPublic(dto.getIsP[...] true)
  location: variable project of type com.e4net.pms.entity.Project
[ERROR] /C:/Users/ilhun/Documents/e4net.pms/src/main/java/com/e4net/pms/service/ProjectService.java:[67,32] cannot find symbol
  symbol:   method getIsPublic()
  location: variable dto of type com.e4net.pms.dto.ProjectDto
[ERROR] /C:/Users/ilhun/Documents/e4net.pms/src/main/java/com/e4net/pms/service/ProjectService.java:[67,60] cannot find symbol
  symbol:   method getIsPublic()
  location: variable dto of type com.e4net.pms.dto.ProjectDto
[ERROR] /C:/Users/ilhun/Documents/e4net.pms/src/main/java/com/e4net/pms/service/ProjectService.java:[68,31] cannot find symbol
  symbol:   method getOrderer()
  location: variable dto of type com.e4net.pms.dto.ProjectDto
[ERROR] /C:/Users/ilhun/Documents/e4net.pms/src/main/java/com/e4net/pms/service/ProjectService.java:[69,34] cannot find symbol
  symbol:   method getContractor()
  location: variable dto of type com.e4net.pms.dto.ProjectDto
[ERROR] /C:/Users/ilhun/Documents/e4net.pms/src/main/java/com/e4net/pms/service/ProjectService.java:[70,37] cannot find symbol
  symbol:   method getContractStart()
  location: variable dto of type com.e4net.pms.dto.ProjectDto
[ERROR] /C:/Users/ilhun/Documents/e4net.pms/src/main/java/com/e4net/pms/service/ProjectService.java:[71,35] cannot find symbol
  symbol:   method getContractEnd()
  location: variable dto of type com.e4net.pms.dto.ProjectDto
[ERROR] /C:/Users/ilhun/Documents/e4net.pms/src/main/java/com/e4net/pms/service/ProjectService.java:[72,26] cannot find symbol
  symbol:   method getPm()
  location: variable dto of type com.e4net.pms.dto.ProjectDto
[ERROR] /C:/Users/ilhun/Documents/e4net.pms/src/main/java/com/e4net/pms/service/ProjectService.java:[73,38] cannot find symbol
  symbol:   method getContractAmount()
  location: variable dto of type com.e4net.pms.dto.ProjectDto
[ERROR] /C:/Users/ilhun/Documents/e4net.pms/src/main/java/com/e4net/pms/service/ProjectService.java:[74,34] cannot find symbol
  symbol:   method getPreInputMm()
  location: variable dto of type com.e4net.pms.dto.ProjectDto
[ERROR] /C:/Users/ilhun/Documents/e4net.pms/src/main/java/com/e4net/pms/service/ProjectService.java:[75,31] cannot find symbol
  symbol:   method getTotalMm()
  location: variable dto of type com.e4net.pms.dto.ProjectDto
[ERROR] /C:/Users/ilhun/Documents/e4net.pms/src/main/java/com/e4net/pms/service/ProjectService.java:[76,33] cannot find symbol
  symbol:   method getHeadcount()
  location: variable dto of type com.e4net.pms.dto.ProjectDto
[ERROR] /C:/Users/ilhun/Documents/e4net.pms/src/main/java/com/e4net/pms/service/ProjectService.java:[77,30] cannot find symbol
  symbol:   method getStatus()
  location: variable dto of type com.e4net.pms.dto.ProjectDto
[ERROR] /C:/Users/ilhun/Documents/e4net.pms/src/main/java/com/e4net/pms/service/ProjectService.java:[83,26] cannot find symbol
  symbol:   method getId()
  location: variable project of type com.e4net.pms.entity.Project
[ERROR] /C:/Users/ilhun/Documents/e4net.pms/src/main/java/com/e4net/pms/service/ProjectService.java:[84,35] cannot find symbol
  symbol:   method getProjectCode()
  location: variable project of type com.e4net.pms.entity.Project
[ERROR] /C:/Users/ilhun/Documents/e4net.pms/src/main/java/com/e4net/pms/service/ProjectService.java:[85,35] cannot find symbol
  symbol:   method getProjectName()
  location: variable project of type com.e4net.pms.entity.Project
[ERROR] /C:/Users/ilhun/Documents/e4net.pms/src/main/java/com/e4net/pms/service/ProjectService.java:[86,32] cannot find symbol
  symbol:   method getCategory()
  location: variable project of type com.e4net.pms.entity.Project
[ERROR] /C:/Users/ilhun/Documents/e4net.pms/src/main/java/com/e4net/pms/service/ProjectService.java:[87,35] cannot find symbol
  symbol:   method getSubCategory()
  location: variable project of type com.e4net.pms.entity.Project
[ERROR] /C:/Users/ilhun/Documents/e4net.pms/src/main/java/com/e4net/pms/service/ProjectService.java:[88,31] cannot find symbol
  symbol:   method getCompany()
  location: variable project of type com.e4net.pms.entity.Project
[ERROR] /C:/Users/ilhun/Documents/e4net.pms/src/main/java/com/e4net/pms/service/ProjectService.java:[89,32] cannot find symbol
  symbol:   method getIsPublic()
  location: variable project of type com.e4net.pms.entity.Project
[ERROR] /C:/Users/ilhun/Documents/e4net.pms/src/main/java/com/e4net/pms/service/ProjectService.java:[90,31] cannot find symbol
  symbol:   method getOrderer()
  location: variable project of type com.e4net.pms.entity.Project
[ERROR] /C:/Users/ilhun/Documents/e4net.pms/src/main/java/com/e4net/pms/service/ProjectService.java:[91,34] cannot find symbol
  symbol:   method getContractor()
  location: variable project of type com.e4net.pms.entity.Project
[ERROR] /C:/Users/ilhun/Documents/e4net.pms/src/main/java/com/e4net/pms/service/ProjectService.java:[92,37] cannot find symbol
  symbol:   method getContractStart()
  location: variable project of type com.e4net.pms.entity.Project
[ERROR] /C:/Users/ilhun/Documents/e4net.pms/src/main/java/com/e4net/pms/service/ProjectService.java:[93,35] cannot find symbol
  symbol:   method getContractEnd()
  location: variable project of type com.e4net.pms.entity.Project
[ERROR] /C:/Users/ilhun/Documents/e4net.pms/src/main/java/com/e4net/pms/service/ProjectService.java:[94,26] cannot find symbol
  symbol:   method getPm()
  location: variable project of type com.e4net.pms.entity.Project
[ERROR] /C:/Users/ilhun/Documents/e4net.pms/src/main/java/com/e4net/pms/service/ProjectService.java:[95,38] cannot find symbol
  symbol:   method getContractAmount()
  location: variable project of type com.e4net.pms.entity.Project
[ERROR] /C:/Users/ilhun/Documents/e4net.pms/src/main/java/com/e4net/pms/service/ProjectService.java:[96,34] cannot find symbol
  symbol:   method getPreInputMm()
  location: variable project of type com.e4net.pms.entity.Project
[ERROR] /C:/Users/ilhun/Documents/e4net.pms/src/main/java/com/e4net/pms/service/ProjectService.java:[97,31] cannot find symbol
  symbol:   method getTotalMm()
  location: variable project of type com.e4net.pms.entity.Project
[ERROR] /C:/Users/ilhun/Documents/e4net.pms/src/main/java/com/e4net/pms/service/ProjectService.java:[98,33] cannot find symbol
  symbol:   method getHeadcount()
  location: variable project of type com.e4net.pms.entity.Project
[ERROR] /C:/Users/ilhun/Documents/e4net.pms/src/main/java/com/e4net/pms/service/ProjectService.java:[99,30] cannot find symbol
  symbol:   method getStatus()
  location: variable project of type com.e4net.pms.entity.Project
[ERROR] /C:/Users/ilhun/Documents/e4net.pms/src/main/java/com/e4net/pms/service/ManpowerService.java:[78,25] cannot find symbol
  symbol:   method getId()
  location: variable entity of type com.e4net.pms.entity.ProjectManpower
[ERROR] /C:/Users/ilhun/Documents/e4net.pms/src/main/java/com/e4net/pms/service/ManpowerService.java:[79,32] cannot find symbol
  symbol:   method getProject()
  location: variable entity of type com.e4net.pms.entity.ProjectManpower
[ERROR] /C:/Users/ilhun/Documents/e4net.pms/src/main/java/com/e4net/pms/service/ManpowerService.java:[80,34] cannot find symbol
  symbol:   method getProject()
  location: variable entity of type com.e4net.pms.entity.ProjectManpower
[ERROR] /C:/Users/ilhun/Documents/e4net.pms/src/main/java/com/e4net/pms/service/ManpowerService.java:[81,29] cannot find symbol
  symbol:   method getUser()
  location: variable entity of type com.e4net.pms.entity.ProjectManpower
[ERROR] /C:/Users/ilhun/Documents/e4net.pms/src/main/java/com/e4net/pms/service/ManpowerService.java:[82,31] cannot find symbol
  symbol:   method getUser()
  location: variable entity of type com.e4net.pms.entity.ProjectManpower
[ERROR] /C:/Users/ilhun/Documents/e4net.pms/src/main/java/com/e4net/pms/service/ManpowerService.java:[83,30] cannot find symbol
  symbol:   method getCompany()
  location: variable entity of type com.e4net.pms.entity.ProjectManpower
[ERROR] /C:/Users/ilhun/Documents/e4net.pms/src/main/java/com/e4net/pms/service/ManpowerService.java:[84,33] cannot find symbol
  symbol:   method getDepartment()
  location: variable entity of type com.e4net.pms.entity.ProjectManpower
[ERROR] /C:/Users/ilhun/Documents/e4net.pms/src/main/java/com/e4net/pms/service/ManpowerService.java:[85,28] cannot find symbol
  symbol:   method getPhone()
  location: variable entity of type com.e4net.pms.entity.ProjectManpower
[ERROR] /C:/Users/ilhun/Documents/e4net.pms/src/main/java/com/e4net/pms/service/ManpowerService.java:[86,27] cannot find symbol
  symbol:   method getRole()
  location: variable entity of type com.e4net.pms.entity.ProjectManpower
[ERROR] /C:/Users/ilhun/Documents/e4net.pms/src/main/java/com/e4net/pms/service/ManpowerService.java:[87,31] cannot find symbol
  symbol:   method getPosition()
  location: variable entity of type com.e4net.pms.entity.ProjectManpower
[ERROR] /C:/Users/ilhun/Documents/e4net.pms/src/main/java/com/e4net/pms/service/ManpowerService.java:[88,32] cannot find symbol
  symbol:   method getGradeCode()
  location: variable entity of type com.e4net.pms.entity.ProjectManpower
[ERROR] /C:/Users/ilhun/Documents/e4net.pms/src/main/java/com/e4net/pms/service/ManpowerService.java:[89,36] cannot find symbol
  symbol:   method getInputTypeCode()
  location: variable entity of type com.e4net.pms.entity.ProjectManpower
[ERROR] /C:/Users/ilhun/Documents/e4net.pms/src/main/java/com/e4net/pms/service/ManpowerService.java:[90,37] cannot find symbol
  symbol:   method getInputStartDate()
  location: variable entity of type com.e4net.pms.entity.ProjectManpower
[ERROR] /C:/Users/ilhun/Documents/e4net.pms/src/main/java/com/e4net/pms/service/ManpowerService.java:[91,35] cannot find symbol
  symbol:   method getInputEndDate()
  location: variable entity of type com.e4net.pms.entity.ProjectManpower
[ERROR] /C:/Users/ilhun/Documents/e4net.pms/src/main/java/com/e4net/pms/service/ManpowerService.java:[92,30] cannot find symbol
  symbol:   method getInputMm()
  location: variable entity of type com.e4net.pms.entity.ProjectManpower
[ERROR] /C:/Users/ilhun/Documents/e4net.pms/src/main/java/com/e4net/pms/service/ManpowerService.java:[93,29] cannot find symbol
  symbol:   method getStatus()
  location: variable entity of type com.e4net.pms.entity.ProjectManpower
[ERROR] /C:/Users/ilhun/Documents/e4net.pms/src/main/java/com/e4net/pms/service/ManpowerService.java:[94,27] cannot find symbol
  symbol:   method getNote()
  location: variable entity of type com.e4net.pms.entity.ProjectManpower
[ERROR] /C:/Users/ilhun/Documents/e4net.pms/src/main/java/com/e4net/pms/service/ManpowerService.java:[100,57] cannot find symbol
  symbol:   method getProjectId()
  location: variable dto of type com.e4net.pms.dto.ManpowerDto
[ERROR] /C:/Users/ilhun/Documents/e4net.pms/src/main/java/com/e4net/pms/service/ManpowerService.java:[102,48] cannot find symbol
  symbol:   method getUserId()
  location: variable dto of type com.e4net.pms.dto.ManpowerDto
[ERROR] /C:/Users/ilhun/Documents/e4net.pms/src/main/java/com/e4net/pms/service/ManpowerService.java:[105,15] cannot find symbol
  symbol:   method setProject(com.e4net.pms.entity.Project)
  location: variable entity of type com.e4net.pms.entity.ProjectManpower
[ERROR] /C:/Users/ilhun/Documents/e4net.pms/src/main/java/com/e4net/pms/service/ManpowerService.java:[106,15] cannot find symbol
  symbol:   method setUser(com.e4net.pms.entity.User)
  location: variable entity of type com.e4net.pms.entity.ProjectManpower
[ERROR] /C:/Users/ilhun/Documents/e4net.pms/src/main/java/com/e4net/pms/service/ManpowerService.java:[107,30] cannot find symbol
  symbol:   method getCompany()
  location: variable dto of type com.e4net.pms.dto.ManpowerDto
[ERROR] /C:/Users/ilhun/Documents/e4net.pms/src/main/java/com/e4net/pms/service/ManpowerService.java:[108,33] cannot find symbol
  symbol:   method getDepartment()
  location: variable dto of type com.e4net.pms.dto.ManpowerDto
[ERROR] /C:/Users/ilhun/Documents/e4net.pms/src/main/java/com/e4net/pms/service/ManpowerService.java:[109,28] cannot find symbol
  symbol:   method getPhone()
  location: variable dto of type com.e4net.pms.dto.ManpowerDto
[ERROR] /C:/Users/ilhun/Documents/e4net.pms/src/main/java/com/e4net/pms/service/ManpowerService.java:[110,27] cannot find symbol
  symbol:   method getRole()
  location: variable dto of type com.e4net.pms.dto.ManpowerDto
[ERROR] /C:/Users/ilhun/Documents/e4net.pms/src/main/java/com/e4net/pms/service/ManpowerService.java:[111,31] cannot find symbol
  symbol:   method getPosition()
  location: variable dto of type com.e4net.pms.dto.ManpowerDto
[ERROR] /C:/Users/ilhun/Documents/e4net.pms/src/main/java/com/e4net/pms/service/ManpowerService.java:[112,32] cannot find symbol
  symbol:   method getGradeCode()
  location: variable dto of type com.e4net.pms.dto.ManpowerDto
[ERROR] /C:/Users/ilhun/Documents/e4net.pms/src/main/java/com/e4net/pms/service/ManpowerService.java:[113,36] cannot find symbol
  symbol:   method getInputTypeCode()
  location: variable dto of type com.e4net.pms.dto.ManpowerDto
[ERROR] /C:/Users/ilhun/Documents/e4net.pms/src/main/java/com/e4net/pms/service/ManpowerService.java:[114,37] cannot find symbol
  symbol:   method getInputStartDate()
  location: variable dto of type com.e4net.pms.dto.ManpowerDto
[ERROR] /C:/Users/ilhun/Documents/e4net.pms/src/main/java/com/e4net/pms/service/ManpowerService.java:[115,35] cannot find symbol
  symbol:   method getInputEndDate()
  location: variable dto of type com.e4net.pms.dto.ManpowerDto
[ERROR] /C:/Users/ilhun/Documents/e4net.pms/src/main/java/com/e4net/pms/service/ManpowerService.java:[116,30] cannot find symbol
  symbol:   method getInputMm()
  location: variable dto of type com.e4net.pms.dto.ManpowerDto
[ERROR] /C:/Users/ilhun/Documents/e4net.pms/src/main/java/com/e4net/pms/service/ManpowerService.java:[117,15] cannot find symbol
  symbol:   method setStatus(dto.getSta[...]c911")
  location: variable entity of type com.e4net.pms.entity.ProjectManpower
[ERROR] /C:/Users/ilhun/Documents/e4net.pms/src/main/java/com/e4net/pms/service/ManpowerService.java:[117,29] cannot find symbol
  symbol:   method getStatus()
  location: variable dto of type com.e4net.pms.dto.ManpowerDto
[ERROR] /C:/Users/ilhun/Documents/e4net.pms/src/main/java/com/e4net/pms/service/ManpowerService.java:[117,55] cannot find symbol
  symbol:   method getStatus()
  location: variable dto of type com.e4net.pms.dto.ManpowerDto
[ERROR] /C:/Users/ilhun/Documents/e4net.pms/src/main/java/com/e4net/pms/service/ManpowerService.java:[118,27] cannot find symbol
  symbol:   method getNote()
  location: variable dto of type com.e4net.pms.dto.ManpowerDto
[ERROR] /C:/Users/ilhun/Documents/e4net.pms/src/main/java/com/e4net/pms/controller/ProjectController.java:[29,19] cannot find symbol
  symbol:   method getStatusList()
  location: variable search of type com.e4net.pms.dto.ProjectSearchDto
[ERROR] /C:/Users/ilhun/Documents/e4net.pms/src/main/java/com/e4net/pms/controller/ProjectController.java:[30,19] cannot find symbol
  symbol:   method setStatusList(java.util.List<java.lang.String>)
  location: variable search of type com.e4net.pms.dto.ProjectSearchDto
[ERROR] /C:/Users/ilhun/Documents/e4net.pms/src/main/java/com/e4net/pms/controller/UserApiController.java:[35,32] cannot find symbol
  symbol:   method getEmail()
  location: variable u of type com.e4net.pms.entity.User
[ERROR] /C:/Users/ilhun/Documents/e4net.pms/src/main/java/com/e4net/pms/controller/UserApiController.java:[35,18] cannot find symbol
  symbol:   method getPhone()
  location: variable u of type com.e4net.pms.entity.User
[ERROR] /C:/Users/ilhun/Documents/e4net.pms/src/main/java/com/e4net/pms/controller/UserApiController.java:[34,53] cannot find symbol
  symbol:   method getPosition()
  location: variable u of type com.e4net.pms.entity.User
[ERROR] /C:/Users/ilhun/Documents/e4net.pms/src/main/java/com/e4net/pms/controller/UserApiController.java:[34,34] cannot find symbol
  symbol:   method getDepartment()
  location: variable u of type com.e4net.pms.entity.User
[ERROR] /C:/Users/ilhun/Documents/e4net.pms/src/main/java/com/e4net/pms/controller/UserApiController.java:[34,18] cannot find symbol
  symbol:   method getCompany()
  location: variable u of type com.e4net.pms.entity.User
[ERROR] /C:/Users/ilhun/Documents/e4net.pms/src/main/java/com/e4net/pms/controller/UserApiController.java:[33,59] cannot find symbol
  symbol:   method getName()
  location: variable u of type com.e4net.pms.entity.User
[ERROR] /C:/Users/ilhun/Documents/e4net.pms/src/main/java/com/e4net/pms/controller/UserApiController.java:[33,40] cannot find symbol
  symbol:   method getEmployeeNo()
  location: variable u of type com.e4net.pms.entity.User
[ERROR] /C:/Users/ilhun/Documents/e4net.pms/src/main/java/com/e4net/pms/controller/UserApiController.java:[33,29] cannot find symbol
  symbol:   method getId()
  location: variable u of type com.e4net.pms.entity.User
[ERROR] /C:/Users/ilhun/Documents/e4net.pms/src/main/java/com/e4net/pms/repository/ManpowerSpec.java:[27,28] cannot find symbol
  symbol:   method getProjectName()
  location: variable dto of type com.e4net.pms.dto.ManpowerSearchDto
[ERROR] /C:/Users/ilhun/Documents/e4net.pms/src/main/java/com/e4net/pms/repository/ManpowerSpec.java:[29,77] cannot find symbol
  symbol:   method getProjectName()
  location: variable dto of type com.e4net.pms.dto.ManpowerSearchDto
[ERROR] /C:/Users/ilhun/Documents/e4net.pms/src/main/java/com/e4net/pms/repository/ManpowerSpec.java:[33,28] cannot find symbol
  symbol:   method getUserName()
  location: variable dto of type com.e4net.pms.dto.ManpowerSearchDto
[ERROR] /C:/Users/ilhun/Documents/e4net.pms/src/main/java/com/e4net/pms/repository/ManpowerSpec.java:[35,67] cannot find symbol
  symbol:   method getUserName()
  location: variable dto of type com.e4net.pms.dto.ManpowerSearchDto
[ERROR] /C:/Users/ilhun/Documents/e4net.pms/src/main/java/com/e4net/pms/repository/ManpowerSpec.java:[39,28] cannot find symbol
  symbol:   method getCompany()
  location: variable dto of type com.e4net.pms.dto.ManpowerSearchDto
[ERROR] /C:/Users/ilhun/Documents/e4net.pms/src/main/java/com/e4net/pms/repository/ManpowerSpec.java:[40,70] cannot find symbol
  symbol:   method getCompany()
  location: variable dto of type com.e4net.pms.dto.ManpowerSearchDto
[ERROR] /C:/Users/ilhun/Documents/e4net.pms/src/main/java/com/e4net/pms/repository/ManpowerSpec.java:[44,28] cannot find symbol
  symbol:   method getStatus()
  location: variable dto of type com.e4net.pms.dto.ManpowerSearchDto
[ERROR] /C:/Users/ilhun/Documents/e4net.pms/src/main/java/com/e4net/pms/repository/ManpowerSpec.java:[45,64] cannot find symbol
  symbol:   method getStatus()
  location: variable dto of type com.e4net.pms.dto.ManpowerSearchDto
[ERROR] /C:/Users/ilhun/Documents/e4net.pms/src/main/java/com/e4net/pms/repository/ProjectSpec.java:[18,20] cannot find symbol
  symbol:   method getKeyword()
  location: variable dto of type com.e4net.pms.dto.ProjectSearchDto
[ERROR] /C:/Users/ilhun/Documents/e4net.pms/src/main/java/com/e4net/pms/repository/ProjectSpec.java:[18,49] cannot find symbol
  symbol:   method getKeyword()
  location: variable dto of type com.e4net.pms.dto.ProjectSearchDto
[ERROR] /C:/Users/ilhun/Documents/e4net.pms/src/main/java/com/e4net/pms/repository/ProjectSpec.java:[19,40] cannot find symbol
  symbol:   method getKeyword()
  location: variable dto of type com.e4net.pms.dto.ProjectSearchDto
[ERROR] /C:/Users/ilhun/Documents/e4net.pms/src/main/java/com/e4net/pms/repository/ProjectSpec.java:[27,20] cannot find symbol
  symbol:   method getCategory()
  location: variable dto of type com.e4net.pms.dto.ProjectSearchDto
[ERROR] /C:/Users/ilhun/Documents/e4net.pms/src/main/java/com/e4net/pms/repository/ProjectSpec.java:[27,50] cannot find symbol
  symbol:   method getCategory()
  location: variable dto of type com.e4net.pms.dto.ProjectSearchDto
[ERROR] /C:/Users/ilhun/Documents/e4net.pms/src/main/java/com/e4net/pms/repository/ProjectSpec.java:[28,66] cannot find symbol
  symbol:   method getCategory()
  location: variable dto of type com.e4net.pms.dto.ProjectSearchDto
[ERROR] /C:/Users/ilhun/Documents/e4net.pms/src/main/java/com/e4net/pms/repository/ProjectSpec.java:[32,20] cannot find symbol
  symbol:   method getCompany()
  location: variable dto of type com.e4net.pms.dto.ProjectSearchDto
[ERROR] /C:/Users/ilhun/Documents/e4net.pms/src/main/java/com/e4net/pms/repository/ProjectSpec.java:[32,49] cannot find symbol
  symbol:   method getCompany()
  location: variable dto of type com.e4net.pms.dto.ProjectSearchDto
[ERROR] /C:/Users/ilhun/Documents/e4net.pms/src/main/java/com/e4net/pms/repository/ProjectSpec.java:[33,65] cannot find symbol
  symbol:   method getCompany()
  location: variable dto of type com.e4net.pms.dto.ProjectSearchDto
[INFO] 100 errors 
[INFO] -------------------------------------------------------------
[INFO] ------------------------------------------------------------------------
[INFO] BUILD FAILURE
[INFO] ------------------------------------------------------------------------
[INFO] Total time:  2.273 s
[INFO] Finished at: 2026-04-02T14:02:11+09:00
[INFO] ------------------------------------------------------------------------
[ERROR] Failed to execute goal org.apache.maven.plugins:maven-compiler-plugin:3.13.0:compile (default-compile) on project pms: Compilation failure: Compilation failure: 
[ERROR] /C:/Users/ilhun/Documents/e4net.pms/src/main/java/com/e4net/pms/controller/HomeController.java:[30,73] cannot find symbol
[ERROR]   symbol:   method getStatus()
[ERROR]   location: variable p of type com.e4net.pms.entity.Project
[ERROR] /C:/Users/ilhun/Documents/e4net.pms/src/main/java/com/e4net/pms/controller/HomeController.java:[31,72] cannot find symbol
[ERROR]   symbol:   method getStatus()
[ERROR]   location: variable p of type com.e4net.pms.entity.Project
[ERROR] /C:/Users/ilhun/Documents/e4net.pms/src/main/java/com/e4net/pms/controller/HomeController.java:[32,68] cannot find symbol
[ERROR]   symbol:   method getStatus()
[ERROR]   location: variable p of type com.e4net.pms.entity.Project
[ERROR] /C:/Users/ilhun/Documents/e4net.pms/src/main/java/com/e4net/pms/service/ProjectService.java:[62,35] cannot find symbol
[ERROR]   symbol:   method getProjectCode()
[ERROR]   location: variable dto of type com.e4net.pms.dto.ProjectDto
[ERROR] /C:/Users/ilhun/Documents/e4net.pms/src/main/java/com/e4net/pms/service/ProjectService.java:[63,35] cannot find symbol
[ERROR]   symbol:   method getProjectName()
[ERROR]   location: variable dto of type com.e4net.pms.dto.ProjectDto
[ERROR] /C:/Users/ilhun/Documents/e4net.pms/src/main/java/com/e4net/pms/service/ProjectService.java:[64,32] cannot find symbol
[ERROR]   symbol:   method getCategory()
[ERROR]   location: variable dto of type com.e4net.pms.dto.ProjectDto
[ERROR] /C:/Users/ilhun/Documents/e4net.pms/src/main/java/com/e4net/pms/service/ProjectService.java:[65,35] cannot find symbol
[ERROR]   symbol:   method getSubCategory()
[ERROR]   location: variable dto of type com.e4net.pms.dto.ProjectDto
[ERROR] /C:/Users/ilhun/Documents/e4net.pms/src/main/java/com/e4net/pms/service/ProjectService.java:[66,31] cannot find symbol
[ERROR]   symbol:   method getCompany()
[ERROR]   location: variable dto of type com.e4net.pms.dto.ProjectDto
[ERROR] /C:/Users/ilhun/Documents/e4net.pms/src/main/java/com/e4net/pms/service/ProjectService.java:[67,16] cannot find symbol
[ERROR]   symbol:   method setIsPublic(dto.getIsP[...] true)
[ERROR]   location: variable project of type com.e4net.pms.entity.Project
[ERROR] /C:/Users/ilhun/Documents/e4net.pms/src/main/java/com/e4net/pms/service/ProjectService.java:[67,32] cannot find symbol
[ERROR]   symbol:   method getIsPublic()
[ERROR]   location: variable dto of type com.e4net.pms.dto.ProjectDto
[ERROR] /C:/Users/ilhun/Documents/e4net.pms/src/main/java/com/e4net/pms/service/ProjectService.java:[67,60] cannot find symbol
[ERROR]   symbol:   method getIsPublic()
[ERROR]   location: variable dto of type com.e4net.pms.dto.ProjectDto
[ERROR] /C:/Users/ilhun/Documents/e4net.pms/src/main/java/com/e4net/pms/service/ProjectService.java:[68,31] cannot find symbol
[ERROR]   symbol:   method getOrderer()
[ERROR]   location: variable dto of type com.e4net.pms.dto.ProjectDto
[ERROR] /C:/Users/ilhun/Documents/e4net.pms/src/main/java/com/e4net/pms/service/ProjectService.java:[69,34] cannot find symbol
[ERROR]   symbol:   method getContractor()
[ERROR]   location: variable dto of type com.e4net.pms.dto.ProjectDto
[ERROR] /C:/Users/ilhun/Documents/e4net.pms/src/main/java/com/e4net/pms/service/ProjectService.java:[70,37] cannot find symbol
[ERROR]   symbol:   method getContractStart()
[ERROR]   location: variable dto of type com.e4net.pms.dto.ProjectDto
[ERROR] /C:/Users/ilhun/Documents/e4net.pms/src/main/java/com/e4net/pms/service/ProjectService.java:[71,35] cannot find symbol
[ERROR]   symbol:   method getContractEnd()
[ERROR]   location: variable dto of type com.e4net.pms.dto.ProjectDto
[ERROR] /C:/Users/ilhun/Documents/e4net.pms/src/main/java/com/e4net/pms/service/ProjectService.java:[72,26] cannot find symbol
[ERROR]   symbol:   method getPm()
[ERROR]   location: variable dto of type com.e4net.pms.dto.ProjectDto
[ERROR] /C:/Users/ilhun/Documents/e4net.pms/src/main/java/com/e4net/pms/service/ProjectService.java:[73,38] cannot find symbol
[ERROR]   symbol:   method getContractAmount()
[ERROR]   location: variable dto of type com.e4net.pms.dto.ProjectDto
[ERROR] /C:/Users/ilhun/Documents/e4net.pms/src/main/java/com/e4net/pms/service/ProjectService.java:[74,34] cannot find symbol
[ERROR]   symbol:   method getPreInputMm()
[ERROR]   location: variable dto of type com.e4net.pms.dto.ProjectDto
[ERROR] /C:/Users/ilhun/Documents/e4net.pms/src/main/java/com/e4net/pms/service/ProjectService.java:[75,31] cannot find symbol
[ERROR]   symbol:   method getTotalMm()
[ERROR]   location: variable dto of type com.e4net.pms.dto.ProjectDto
[ERROR] /C:/Users/ilhun/Documents/e4net.pms/src/main/java/com/e4net/pms/service/ProjectService.java:[76,33] cannot find symbol
[ERROR]   symbol:   method getHeadcount()
[ERROR]   location: variable dto of type com.e4net.pms.dto.ProjectDto
[ERROR] /C:/Users/ilhun/Documents/e4net.pms/src/main/java/com/e4net/pms/service/ProjectService.java:[77,30] cannot find symbol
[ERROR]   symbol:   method getStatus()
[ERROR]   location: variable dto of type com.e4net.pms.dto.ProjectDto
[ERROR] /C:/Users/ilhun/Documents/e4net.pms/src/main/java/com/e4net/pms/service/ProjectService.java:[83,26] cannot find symbol
[ERROR]   symbol:   method getId()
[ERROR]   location: variable project of type com.e4net.pms.entity.Project
[ERROR] /C:/Users/ilhun/Documents/e4net.pms/src/main/java/com/e4net/pms/service/ProjectService.java:[84,35] cannot find symbol
[ERROR]   symbol:   method getProjectCode()
[ERROR]   location: variable project of type com.e4net.pms.entity.Project
[ERROR] /C:/Users/ilhun/Documents/e4net.pms/src/main/java/com/e4net/pms/service/ProjectService.java:[85,35] cannot find symbol
[ERROR]   symbol:   method getProjectName()
[ERROR]   location: variable project of type com.e4net.pms.entity.Project
[ERROR] /C:/Users/ilhun/Documents/e4net.pms/src/main/java/com/e4net/pms/service/ProjectService.java:[86,32] cannot find symbol
[ERROR]   symbol:   method getCategory()
[ERROR]   location: variable project of type com.e4net.pms.entity.Project
[ERROR] /C:/Users/ilhun/Documents/e4net.pms/src/main/java/com/e4net/pms/service/ProjectService.java:[87,35] cannot find symbol
[ERROR]   symbol:   method getSubCategory()
[ERROR]   location: variable project of type com.e4net.pms.entity.Project
[ERROR] /C:/Users/ilhun/Documents/e4net.pms/src/main/java/com/e4net/pms/service/ProjectService.java:[88,31] cannot find symbol
[ERROR]   symbol:   method getCompany()
[ERROR]   location: variable project of type com.e4net.pms.entity.Project
[ERROR] /C:/Users/ilhun/Documents/e4net.pms/src/main/java/com/e4net/pms/service/ProjectService.java:[89,32] cannot find symbol
[ERROR]   symbol:   method getIsPublic()
[ERROR]   location: variable project of type com.e4net.pms.entity.Project
[ERROR] /C:/Users/ilhun/Documents/e4net.pms/src/main/java/com/e4net/pms/service/ProjectService.java:[90,31] cannot find symbol
[ERROR]   symbol:   method getOrderer()
[ERROR]   location: variable project of type com.e4net.pms.entity.Project
[ERROR] /C:/Users/ilhun/Documents/e4net.pms/src/main/java/com/e4net/pms/service/ProjectService.java:[91,34] cannot find symbol
[ERROR]   symbol:   method getContractor()
[ERROR]   location: variable project of type com.e4net.pms.entity.Project
[ERROR] /C:/Users/ilhun/Documents/e4net.pms/src/main/java/com/e4net/pms/service/ProjectService.java:[92,37] cannot find symbol
[ERROR]   symbol:   method getContractStart()
[ERROR]   location: variable project of type com.e4net.pms.entity.Project
[ERROR] /C:/Users/ilhun/Documents/e4net.pms/src/main/java/com/e4net/pms/service/ProjectService.java:[93,35] cannot find symbol
[ERROR]   symbol:   method getContractEnd()
[ERROR]   location: variable project of type com.e4net.pms.entity.Project
[ERROR] /C:/Users/ilhun/Documents/e4net.pms/src/main/java/com/e4net/pms/service/ProjectService.java:[94,26] cannot find symbol
[ERROR]   symbol:   method getPm()
[ERROR]   location: variable project of type com.e4net.pms.entity.Project
[ERROR] /C:/Users/ilhun/Documents/e4net.pms/src/main/java/com/e4net/pms/service/ProjectService.java:[95,38] cannot find symbol
[ERROR]   symbol:   method getContractAmount()
[ERROR]   location: variable project of type com.e4net.pms.entity.Project
[ERROR] /C:/Users/ilhun/Documents/e4net.pms/src/main/java/com/e4net/pms/service/ProjectService.java:[96,34] cannot find symbol
[ERROR]   symbol:   method getPreInputMm()
[ERROR]   location: variable project of type com.e4net.pms.entity.Project
[ERROR] /C:/Users/ilhun/Documents/e4net.pms/src/main/java/com/e4net/pms/service/ProjectService.java:[97,31] cannot find symbol
[ERROR]   symbol:   method getTotalMm()
[ERROR]   location: variable project of type com.e4net.pms.entity.Project
[ERROR] /C:/Users/ilhun/Documents/e4net.pms/src/main/java/com/e4net/pms/service/ProjectService.java:[98,33] cannot find symbol
[ERROR]   symbol:   method getHeadcount()
[ERROR]   location: variable project of type com.e4net.pms.entity.Project
[ERROR] /C:/Users/ilhun/Documents/e4net.pms/src/main/java/com/e4net/pms/service/ProjectService.java:[99,30] cannot find symbol
[ERROR]   symbol:   method getStatus()
[ERROR]   location: variable project of type com.e4net.pms.entity.Project
[ERROR] /C:/Users/ilhun/Documents/e4net.pms/src/main/java/com/e4net/pms/service/ManpowerService.java:[78,25] cannot find symbol
[ERROR]   symbol:   method getId()
[ERROR]   location: variable entity of type com.e4net.pms.entity.ProjectManpower
[ERROR] /C:/Users/ilhun/Documents/e4net.pms/src/main/java/com/e4net/pms/service/ManpowerService.java:[79,32] cannot find symbol
[ERROR]   symbol:   method getProject()
[ERROR]   location: variable entity of type com.e4net.pms.entity.ProjectManpower
[ERROR] /C:/Users/ilhun/Documents/e4net.pms/src/main/java/com/e4net/pms/service/ManpowerService.java:[80,34] cannot find symbol
[ERROR]   symbol:   method getProject()
[ERROR]   location: variable entity of type com.e4net.pms.entity.ProjectManpower
[ERROR] /C:/Users/ilhun/Documents/e4net.pms/src/main/java/com/e4net/pms/service/ManpowerService.java:[81,29] cannot find symbol
[ERROR]   symbol:   method getUser()
[ERROR]   location: variable entity of type com.e4net.pms.entity.ProjectManpower
[ERROR] /C:/Users/ilhun/Documents/e4net.pms/src/main/java/com/e4net/pms/service/ManpowerService.java:[82,31] cannot find symbol
[ERROR]   symbol:   method getUser()
[ERROR]   location: variable entity of type com.e4net.pms.entity.ProjectManpower
[ERROR] /C:/Users/ilhun/Documents/e4net.pms/src/main/java/com/e4net/pms/service/ManpowerService.java:[83,30] cannot find symbol
[ERROR]   symbol:   method getCompany()
[ERROR]   location: variable entity of type com.e4net.pms.entity.ProjectManpower
[ERROR] /C:/Users/ilhun/Documents/e4net.pms/src/main/java/com/e4net/pms/service/ManpowerService.java:[84,33] cannot find symbol
[ERROR]   symbol:   method getDepartment()
[ERROR]   location: variable entity of type com.e4net.pms.entity.ProjectManpower
[ERROR] /C:/Users/ilhun/Documents/e4net.pms/src/main/java/com/e4net/pms/service/ManpowerService.java:[85,28] cannot find symbol
[ERROR]   symbol:   method getPhone()
[ERROR]   location: variable entity of type com.e4net.pms.entity.ProjectManpower
[ERROR] /C:/Users/ilhun/Documents/e4net.pms/src/main/java/com/e4net/pms/service/ManpowerService.java:[86,27] cannot find symbol
[ERROR]   symbol:   method getRole()
[ERROR]   location: variable entity of type com.e4net.pms.entity.ProjectManpower
[ERROR] /C:/Users/ilhun/Documents/e4net.pms/src/main/java/com/e4net/pms/service/ManpowerService.java:[87,31] cannot find symbol
[ERROR]   symbol:   method getPosition()
[ERROR]   location: variable entity of type com.e4net.pms.entity.ProjectManpower
[ERROR] /C:/Users/ilhun/Documents/e4net.pms/src/main/java/com/e4net/pms/service/ManpowerService.java:[88,32] cannot find symbol
[ERROR]   symbol:   method getGradeCode()
[ERROR]   location: variable entity of type com.e4net.pms.entity.ProjectManpower
[ERROR] /C:/Users/ilhun/Documents/e4net.pms/src/main/java/com/e4net/pms/service/ManpowerService.java:[89,36] cannot find symbol
[ERROR]   symbol:   method getInputTypeCode()
[ERROR]   location: variable entity of type com.e4net.pms.entity.ProjectManpower
[ERROR] /C:/Users/ilhun/Documents/e4net.pms/src/main/java/com/e4net/pms/service/ManpowerService.java:[90,37] cannot find symbol
[ERROR]   symbol:   method getInputStartDate()
[ERROR]   location: variable entity of type com.e4net.pms.entity.ProjectManpower
[ERROR] /C:/Users/ilhun/Documents/e4net.pms/src/main/java/com/e4net/pms/service/ManpowerService.java:[91,35] cannot find symbol
[ERROR]   symbol:   method getInputEndDate()
[ERROR]   location: variable entity of type com.e4net.pms.entity.ProjectManpower
[ERROR] /C:/Users/ilhun/Documents/e4net.pms/src/main/java/com/e4net/pms/service/ManpowerService.java:[92,30] cannot find symbol
[ERROR]   symbol:   method getInputMm()
[ERROR]   location: variable entity of type com.e4net.pms.entity.ProjectManpower
[ERROR] /C:/Users/ilhun/Documents/e4net.pms/src/main/java/com/e4net/pms/service/ManpowerService.java:[93,29] cannot find symbol
[ERROR]   symbol:   method getStatus()
[ERROR]   location: variable entity of type com.e4net.pms.entity.ProjectManpower
[ERROR] /C:/Users/ilhun/Documents/e4net.pms/src/main/java/com/e4net/pms/service/ManpowerService.java:[94,27] cannot find symbol
[ERROR]   symbol:   method getNote()
[ERROR]   location: variable entity of type com.e4net.pms.entity.ProjectManpower
[ERROR] /C:/Users/ilhun/Documents/e4net.pms/src/main/java/com/e4net/pms/service/ManpowerService.java:[100,57] cannot find symbol
[ERROR]   symbol:   method getProjectId()
[ERROR]   location: variable dto of type com.e4net.pms.dto.ManpowerDto
[ERROR] /C:/Users/ilhun/Documents/e4net.pms/src/main/java/com/e4net/pms/service/ManpowerService.java:[102,48] cannot find symbol
[ERROR]   symbol:   method getUserId()
[ERROR]   location: variable dto of type com.e4net.pms.dto.ManpowerDto
[ERROR] /C:/Users/ilhun/Documents/e4net.pms/src/main/java/com/e4net/pms/service/ManpowerService.java:[105,15] cannot find symbol
[ERROR]   symbol:   method setProject(com.e4net.pms.entity.Project)
[ERROR]   location: variable entity of type com.e4net.pms.entity.ProjectManpower
[ERROR] /C:/Users/ilhun/Documents/e4net.pms/src/main/java/com/e4net/pms/service/ManpowerService.java:[106,15] cannot find symbol
[ERROR]   symbol:   method setUser(com.e4net.pms.entity.User)
[ERROR]   location: variable entity of type com.e4net.pms.entity.ProjectManpower
[ERROR] /C:/Users/ilhun/Documents/e4net.pms/src/main/java/com/e4net/pms/service/ManpowerService.java:[107,30] cannot find symbol
[ERROR]   symbol:   method getCompany()
[ERROR]   location: variable dto of type com.e4net.pms.dto.ManpowerDto
[ERROR] /C:/Users/ilhun/Documents/e4net.pms/src/main/java/com/e4net/pms/service/ManpowerService.java:[108,33] cannot find symbol
[ERROR]   symbol:   method getDepartment()
[ERROR]   location: variable dto of type com.e4net.pms.dto.ManpowerDto
[ERROR] /C:/Users/ilhun/Documents/e4net.pms/src/main/java/com/e4net/pms/service/ManpowerService.java:[109,28] cannot find symbol
[ERROR]   symbol:   method getPhone()
[ERROR]   location: variable dto of type com.e4net.pms.dto.ManpowerDto
[ERROR] /C:/Users/ilhun/Documents/e4net.pms/src/main/java/com/e4net/pms/service/ManpowerService.java:[110,27] cannot find symbol
[ERROR]   symbol:   method getRole()
[ERROR]   location: variable dto of type com.e4net.pms.dto.ManpowerDto
[ERROR] /C:/Users/ilhun/Documents/e4net.pms/src/main/java/com/e4net/pms/service/ManpowerService.java:[111,31] cannot find symbol
[ERROR]   symbol:   method getPosition()
[ERROR]   location: variable dto of type com.e4net.pms.dto.ManpowerDto
[ERROR] /C:/Users/ilhun/Documents/e4net.pms/src/main/java/com/e4net/pms/service/ManpowerService.java:[112,32] cannot find symbol
[ERROR]   symbol:   method getGradeCode()
[ERROR]   location: variable dto of type com.e4net.pms.dto.ManpowerDto
[ERROR] /C:/Users/ilhun/Documents/e4net.pms/src/main/java/com/e4net/pms/service/ManpowerService.java:[113,36] cannot find symbol
[ERROR]   symbol:   method getInputTypeCode()
[ERROR]   location: variable dto of type com.e4net.pms.dto.ManpowerDto
[ERROR] /C:/Users/ilhun/Documents/e4net.pms/src/main/java/com/e4net/pms/service/ManpowerService.java:[114,37] cannot find symbol
[ERROR]   symbol:   method getInputStartDate()
[ERROR]   location: variable dto of type com.e4net.pms.dto.ManpowerDto
[ERROR] /C:/Users/ilhun/Documents/e4net.pms/src/main/java/com/e4net/pms/service/ManpowerService.java:[115,35] cannot find symbol
[ERROR]   symbol:   method getInputEndDate()
[ERROR]   location: variable dto of type com.e4net.pms.dto.ManpowerDto
[ERROR] /C:/Users/ilhun/Documents/e4net.pms/src/main/java/com/e4net/pms/service/ManpowerService.java:[116,30] cannot find symbol
[ERROR]   symbol:   method getInputMm()
[ERROR]   location: variable dto of type com.e4net.pms.dto.ManpowerDto
[ERROR] /C:/Users/ilhun/Documents/e4net.pms/src/main/java/com/e4net/pms/service/ManpowerService.java:[117,15] cannot find symbol
[ERROR]   symbol:   method setStatus(dto.getSta[...]c911")
[ERROR]   location: variable entity of type com.e4net.pms.entity.ProjectManpower
[ERROR] /C:/Users/ilhun/Documents/e4net.pms/src/main/java/com/e4net/pms/service/ManpowerService.java:[117,29] cannot find symbol
[ERROR]   symbol:   method getStatus()
[ERROR]   location: variable dto of type com.e4net.pms.dto.ManpowerDto
[ERROR] /C:/Users/ilhun/Documents/e4net.pms/src/main/java/com/e4net/pms/service/ManpowerService.java:[117,55] cannot find symbol
[ERROR]   symbol:   method getStatus()
[ERROR]   location: variable dto of type com.e4net.pms.dto.ManpowerDto
[ERROR] /C:/Users/ilhun/Documents/e4net.pms/src/main/java/com/e4net/pms/service/ManpowerService.java:[118,27] cannot find symbol
[ERROR]   symbol:   method getNote()
[ERROR]   location: variable dto of type com.e4net.pms.dto.ManpowerDto
[ERROR] /C:/Users/ilhun/Documents/e4net.pms/src/main/java/com/e4net/pms/controller/ProjectController.java:[29,19] cannot find symbol
[ERROR]   symbol:   method getStatusList()
[ERROR]   location: variable search of type com.e4net.pms.dto.ProjectSearchDto
[ERROR] /C:/Users/ilhun/Documents/e4net.pms/src/main/java/com/e4net/pms/controller/ProjectController.java:[30,19] cannot find symbol
[ERROR]   symbol:   method setStatusList(java.util.List<java.lang.String>)
[ERROR]   location: variable search of type com.e4net.pms.dto.ProjectSearchDto
[ERROR] /C:/Users/ilhun/Documents/e4net.pms/src/main/java/com/e4net/pms/controller/UserApiController.java:[35,32] cannot find symbol
[ERROR]   symbol:   method getEmail()
[ERROR]   location: variable u of type com.e4net.pms.entity.User
[ERROR] /C:/Users/ilhun/Documents/e4net.pms/src/main/java/com/e4net/pms/controller/UserApiController.java:[35,18] cannot find symbol
[ERROR]   symbol:   method getPhone()
[ERROR]   location: variable u of type com.e4net.pms.entity.User
[ERROR] /C:/Users/ilhun/Documents/e4net.pms/src/main/java/com/e4net/pms/controller/UserApiController.java:[34,53] cannot find symbol
[ERROR]   symbol:   method getPosition()
[ERROR]   location: variable u of type com.e4net.pms.entity.User
[ERROR] /C:/Users/ilhun/Documents/e4net.pms/src/main/java/com/e4net/pms/controller/UserApiController.java:[34,34] cannot find symbol
[ERROR]   symbol:   method getDepartment()
[ERROR]   location: variable u of type com.e4net.pms.entity.User
[ERROR] /C:/Users/ilhun/Documents/e4net.pms/src/main/java/com/e4net/pms/controller/UserApiController.java:[34,18] cannot find symbol
[ERROR]   symbol:   method getCompany()
[ERROR]   location: variable u of type com.e4net.pms.entity.User
[ERROR] /C:/Users/ilhun/Documents/e4net.pms/src/main/java/com/e4net/pms/controller/UserApiController.java:[33,59] cannot find symbol
[ERROR]   symbol:   method getName()
[ERROR]   location: variable u of type com.e4net.pms.entity.User
[ERROR] /C:/Users/ilhun/Documents/e4net.pms/src/main/java/com/e4net/pms/controller/UserApiController.java:[33,40] cannot find symbol
[ERROR]   symbol:   method getEmployeeNo()
[ERROR]   location: variable u of type com.e4net.pms.entity.User
[ERROR] /C:/Users/ilhun/Documents/e4net.pms/src/main/java/com/e4net/pms/controller/UserApiController.java:[33,29] cannot find symbol
[ERROR]   symbol:   method getId()
[ERROR]   location: variable u of type com.e4net.pms.entity.User
[ERROR] /C:/Users/ilhun/Documents/e4net.pms/src/main/java/com/e4net/pms/repository/ManpowerSpec.java:[27,28] cannot find symbol
[ERROR]   symbol:   method getProjectName()
[ERROR]   location: variable dto of type com.e4net.pms.dto.ManpowerSearchDto
[ERROR] /C:/Users/ilhun/Documents/e4net.pms/src/main/java/com/e4net/pms/repository/ManpowerSpec.java:[29,77] cannot find symbol
[ERROR]   symbol:   method getProjectName()
[ERROR]   location: variable dto of type com.e4net.pms.dto.ManpowerSearchDto
[ERROR] /C:/Users/ilhun/Documents/e4net.pms/src/main/java/com/e4net/pms/repository/ManpowerSpec.java:[33,28] cannot find symbol
[ERROR]   symbol:   method getUserName()
[ERROR]   location: variable dto of type com.e4net.pms.dto.ManpowerSearchDto
[ERROR] /C:/Users/ilhun/Documents/e4net.pms/src/main/java/com/e4net/pms/repository/ManpowerSpec.java:[35,67] cannot find symbol
[ERROR]   symbol:   method getUserName()
[ERROR]   location: variable dto of type com.e4net.pms.dto.ManpowerSearchDto
[ERROR] /C:/Users/ilhun/Documents/e4net.pms/src/main/java/com/e4net/pms/repository/ManpowerSpec.java:[39,28] cannot find symbol
[ERROR]   symbol:   method getCompany()
[ERROR]   location: variable dto of type com.e4net.pms.dto.ManpowerSearchDto
[ERROR] /C:/Users/ilhun/Documents/e4net.pms/src/main/java/com/e4net/pms/repository/ManpowerSpec.java:[40,70] cannot find symbol
[ERROR]   symbol:   method getCompany()
[ERROR]   location: variable dto of type com.e4net.pms.dto.ManpowerSearchDto
[ERROR] /C:/Users/ilhun/Documents/e4net.pms/src/main/java/com/e4net/pms/repository/ManpowerSpec.java:[44,28] cannot find symbol
[ERROR]   symbol:   method getStatus()
[ERROR]   location: variable dto of type com.e4net.pms.dto.ManpowerSearchDto
[ERROR] /C:/Users/ilhun/Documents/e4net.pms/src/main/java/com/e4net/pms/repository/ManpowerSpec.java:[45,64] cannot find symbol
[ERROR]   symbol:   method getStatus()
[ERROR]   location: variable dto of type com.e4net.pms.dto.ManpowerSearchDto
[ERROR] /C:/Users/ilhun/Documents/e4net.pms/src/main/java/com/e4net/pms/repository/ProjectSpec.java:[18,20] cannot find symbol
[ERROR]   symbol:   method getKeyword()
[ERROR]   location: variable dto of type com.e4net.pms.dto.ProjectSearchDto
[ERROR] /C:/Users/ilhun/Documents/e4net.pms/src/main/java/com/e4net/pms/repository/ProjectSpec.java:[18,49] cannot find symbol
[ERROR]   symbol:   method getKeyword()
[ERROR]   location: variable dto of type com.e4net.pms.dto.ProjectSearchDto
[ERROR] /C:/Users/ilhun/Documents/e4net.pms/src/main/java/com/e4net/pms/repository/ProjectSpec.java:[19,40] cannot find symbol
[ERROR]   symbol:   method getKeyword()
[ERROR]   location: variable dto of type com.e4net.pms.dto.ProjectSearchDto
[ERROR] /C:/Users/ilhun/Documents/e4net.pms/src/main/java/com/e4net/pms/repository/ProjectSpec.java:[27,20] cannot find symbol
[ERROR]   symbol:   method getCategory()
[ERROR]   location: variable dto of type com.e4net.pms.dto.ProjectSearchDto
[ERROR] /C:/Users/ilhun/Documents/e4net.pms/src/main/java/com/e4net/pms/repository/ProjectSpec.java:[27,50] cannot find symbol
[ERROR]   symbol:   method getCategory()
[ERROR]   location: variable dto of type com.e4net.pms.dto.ProjectSearchDto
[ERROR] /C:/Users/ilhun/Documents/e4net.pms/src/main/java/com/e4net/pms/repository/ProjectSpec.java:[28,66] cannot find symbol
[ERROR]   symbol:   method getCategory()
[ERROR]   location: variable dto of type com.e4net.pms.dto.ProjectSearchDto
[ERROR] /C:/Users/ilhun/Documents/e4net.pms/src/main/java/com/e4net/pms/repository/ProjectSpec.java:[32,20] cannot find symbol
[ERROR]   symbol:   method getCompany()
[ERROR]   location: variable dto of type com.e4net.pms.dto.ProjectSearchDto
[ERROR] /C:/Users/ilhun/Documents/e4net.pms/src/main/java/com/e4net/pms/repository/ProjectSpec.java:[32,49] cannot find symbol
[ERROR]   symbol:   method getCompany()
[ERROR]   location: variable dto of type com.e4net.pms.dto.ProjectSearchDto
[ERROR] /C:/Users/ilhun/Documents/e4net.pms/src/main/java/com/e4net/pms/repository/ProjectSpec.java:[33,65] cannot find symbol
[ERROR]   symbol:   method getCompany()
[ERROR]   location: variable dto of type com.e4net.pms.dto.ProjectSearchDto
[ERROR] -> [Help 1]
[ERROR] 
[ERROR] To see the full stack trace of the errors, re-run Maven with the -e switch.
[ERROR] Re-run Maven using the -X switch to enable full debug logging.
[ERROR] 
[ERROR] For more information about the errors and possible solutions, please read the following articles:
[ERROR] [Help 1] http://cwiki.apache.org/confluence/display/MAVEN/MojoFailureException
